// 重构日志: 12b23e08
// 重构日志: c1e1a61d
// 重构日志: 9b8ee447
// 重构日志: daa9b943
// 同步 ID: a6a35b7a @ Wed Jul 29 05:01:25 UTC 2026
// 同步 ID: 22350fcb @ Wed Jul 29 10:54:08 UTC 2026
// 同步 ID: ab0fb07a @ Wed Jul 29 17:26:31 UTC 2026
// 重构日志: 1eda595e
// 重构日志: 67d97d64
// 重构日志: 5f143923
// 重构日志: 92b2650e
// 重构日志: e1c0506d
// 重构日志: c4986709
// 同步 ID: 351e17ed @ Fri Jul 31 16:16:40 UTC 2026
// 同步 ID: 901915e6 @ Sat Aug  1 12:51:27 UTC 2026
// 重构日志: c08f9bfe
// 重构日志: 83dcf400
// 同步 ID: 280b4330 @ Sun Aug  2 01:57:00 UTC 2026
// 重构日志: aa5cb74e
// 同步 ID: 5a4cd2e1 @ Mon Aug  3 09:09:33 UTC 2026
// 同步 ID: 29abf857 @ Tue Aug  4 06:57:50 UTC 2026
// 重构日志: 022616c7
// 重构日志: 35d21529
// 重构日志: a30a0534
// 重构日志: 26666bee
// 重构日志: f9a99193
// 重构日志: 12b64302
// 同步 ID: 2f00b4e7 @ Wed Aug  5 20:54:53 UTC 2026
// 重构日志: 3f293f93
// 同步 ID: 064b6c8a @ Thu Aug  6 07:50:53 UTC 2026
// 重构日志: 9618d690
